../Drivers/STM32L4xx_HAL_Driver/Src/stm32l4xx_hal_sd.c:4208:17:SD_UltraHighSpeed	120	static
../Drivers/STM32L4xx_HAL_Driver/Src/stm32l4xx_hal_sd.c:3907:17:SD_FindSCR.constprop	56	static
../Drivers/STM32L4xx_HAL_Driver/Src/stm32l4xx_hal_sd.c:646:13:HAL_SD_MspInit	0	static
../Drivers/STM32L4xx_HAL_Driver/Src/stm32l4xx_hal_sd.c:661:13:HAL_SD_MspDeInit	0	static
../Drivers/STM32L4xx_HAL_Driver/Src/stm32l4xx_hal_sd.c:589:19:HAL_SD_DeInit	8	static
../Drivers/STM32L4xx_HAL_Driver/Src/stm32l4xx_hal_sd.c:702:19:HAL_SD_ReadBlocks	56	static
../Drivers/STM32L4xx_HAL_Driver/Src/stm32l4xx_hal_sd.c:925:19:HAL_SD_WriteBlocks	64	static
../Drivers/STM32L4xx_HAL_Driver/Src/stm32l4xx_hal_sd.c:1119:19:HAL_SD_ReadBlocks_IT	40	static
../Drivers/STM32L4xx_HAL_Driver/Src/stm32l4xx_hal_sd.c:1218:19:HAL_SD_WriteBlocks_IT	40	static
../Drivers/STM32L4xx_HAL_Driver/Src/stm32l4xx_hal_sd.c:1326:19:HAL_SD_ReadBlocks_DMA	48	static
../Drivers/STM32L4xx_HAL_Driver/Src/stm32l4xx_hal_sd.c:1457:19:HAL_SD_WriteBlocks_DMA	48	static
../Drivers/STM32L4xx_HAL_Driver/Src/stm32l4xx_hal_sd.c:1595:19:HAL_SD_Erase	24	static
../Drivers/STM32L4xx_HAL_Driver/Src/stm32l4xx_hal_sd.c:2006:21:HAL_SD_GetState	0	static
../Drivers/STM32L4xx_HAL_Driver/Src/stm32l4xx_hal_sd.c:2017:10:HAL_SD_GetError	0	static
../Drivers/STM32L4xx_HAL_Driver/Src/stm32l4xx_hal_sd.c:2027:13:HAL_SD_TxCpltCallback	0	static
../Drivers/STM32L4xx_HAL_Driver/Src/stm32l4xx_hal_sd.c:2042:13:HAL_SD_RxCpltCallback	0	static
../Drivers/STM32L4xx_HAL_Driver/Src/stm32l4xx_hal_sd.c:2057:13:HAL_SD_ErrorCallback	0	static
../Drivers/STM32L4xx_HAL_Driver/Src/stm32l4xx_hal_sd.c:1697:6:HAL_SD_IRQHandler	32	static
../Drivers/STM32L4xx_HAL_Driver/Src/stm32l4xx_hal_sd.c:2072:13:HAL_SD_AbortCallback	0	static
../Drivers/STM32L4xx_HAL_Driver/Src/stm32l4xx_hal_sd.c:2389:19:HAL_SD_GetCardCID	8	static
../Drivers/STM32L4xx_HAL_Driver/Src/stm32l4xx_hal_sd.c:2422:19:HAL_SD_GetCardCSD	8	static
../Drivers/STM32L4xx_HAL_Driver/Src/stm32l4xx_hal_sd.c:489:19:HAL_SD_InitCard	128	static
../Drivers/STM32L4xx_HAL_Driver/Src/stm32l4xx_hal_sd.c:2536:19:HAL_SD_GetCardStatus	112	static
../Drivers/STM32L4xx_HAL_Driver/Src/stm32l4xx_hal_sd.c:2602:19:HAL_SD_GetCardInfo	0	static
../Drivers/STM32L4xx_HAL_Driver/Src/stm32l4xx_hal_sd.c:2627:19:HAL_SD_ConfigWideBusOperation	56	static
../Drivers/STM32L4xx_HAL_Driver/Src/stm32l4xx_hal_sd.c:3012:25:HAL_SD_GetCardState	8	static
../Drivers/STM32L4xx_HAL_Driver/Src/stm32l4xx_hal_sd.c:356:19:HAL_SD_Init	40	static
../Drivers/STM32L4xx_HAL_Driver/Src/stm32l4xx_hal_sd.c:3035:19:HAL_SD_Abort	8	static
../Drivers/STM32L4xx_HAL_Driver/Src/stm32l4xx_hal_sd.c:3106:19:HAL_SD_Abort_IT	16	static
../Drivers/STM32L4xx_HAL_Driver/Src/stm32l4xx_hal_sd.c:4099:10:SD_HighSpeed	120	static
../Drivers/STM32L4xx_HAL_Driver/Src/stm32l4xx_hal_sd.c:2804:19:HAL_SD_ConfigSpeedBusOperation	120	static
