../Drivers/STM32L4xx_HAL_Driver/Src/stm32l4xx_hal_pcd.c:291:13:HAL_PCD_MspInit	0	static
../Drivers/STM32L4xx_HAL_Driver/Src/stm32l4xx_hal_pcd.c:131:19:HAL_PCD_Init	32	static
../Drivers/STM32L4xx_HAL_Driver/Src/stm32l4xx_hal_pcd.c:306:13:HAL_PCD_MspDeInit	0	static
../Drivers/STM32L4xx_HAL_Driver/Src/stm32l4xx_hal_pcd.c:252:19:HAL_PCD_DeInit	16	static
../Drivers/STM32L4xx_HAL_Driver/Src/stm32l4xx_hal_pcd.c:1009:19:HAL_PCD_Start	8	static
../Drivers/STM32L4xx_HAL_Driver/Src/stm32l4xx_hal_pcd.c:1035:19:HAL_PCD_Stop	16	static
../Drivers/STM32L4xx_HAL_Driver/Src/stm32l4xx_hal_pcd.c:1660:13:HAL_PCD_DataOutStageCallback	0	static
../Drivers/STM32L4xx_HAL_Driver/Src/stm32l4xx_hal_pcd.c:1677:13:HAL_PCD_DataInStageCallback	0	static
../Drivers/STM32L4xx_HAL_Driver/Src/stm32l4xx_hal_pcd.c:1692:13:HAL_PCD_SetupStageCallback	0	static
../Drivers/STM32L4xx_HAL_Driver/Src/stm32l4xx_hal_pcd.c:1707:13:HAL_PCD_SOFCallback	0	static
../Drivers/STM32L4xx_HAL_Driver/Src/stm32l4xx_hal_pcd.c:1722:13:HAL_PCD_ResetCallback	0	static
../Drivers/STM32L4xx_HAL_Driver/Src/stm32l4xx_hal_pcd.c:1737:13:HAL_PCD_SuspendCallback	0	static
../Drivers/STM32L4xx_HAL_Driver/Src/stm32l4xx_hal_pcd.c:1752:13:HAL_PCD_ResumeCallback	0	static
../Drivers/STM32L4xx_HAL_Driver/Src/stm32l4xx_hal_pcd.c:1768:13:HAL_PCD_ISOOUTIncompleteCallback	0	static
../Drivers/STM32L4xx_HAL_Driver/Src/stm32l4xx_hal_pcd.c:1785:13:HAL_PCD_ISOINIncompleteCallback	0	static
../Drivers/STM32L4xx_HAL_Driver/Src/stm32l4xx_hal_pcd.c:1801:13:HAL_PCD_ConnectCallback	0	static
../Drivers/STM32L4xx_HAL_Driver/Src/stm32l4xx_hal_pcd.c:1816:13:HAL_PCD_DisconnectCallback	0	static
../Drivers/STM32L4xx_HAL_Driver/Src/stm32l4xx_hal_pcd.c:1850:19:HAL_PCD_DevConnect	8	static
../Drivers/STM32L4xx_HAL_Driver/Src/stm32l4xx_hal_pcd.c:1877:19:HAL_PCD_DevDisconnect	16	static
../Drivers/STM32L4xx_HAL_Driver/Src/stm32l4xx_hal_pcd.c:1905:19:HAL_PCD_SetAddress	8	static
../Drivers/STM32L4xx_HAL_Driver/Src/stm32l4xx_hal_pcd.c:1922:19:HAL_PCD_EP_Open	16	static
../Drivers/STM32L4xx_HAL_Driver/Src/stm32l4xx_hal_pcd.c:1970:19:HAL_PCD_EP_Close	8	static
../Drivers/STM32L4xx_HAL_Driver/Src/stm32l4xx_hal_pcd.c:2001:19:HAL_PCD_EP_Receive	16	static
../Drivers/STM32L4xx_HAL_Driver/Src/stm32l4xx_hal_pcd.c:2025:10:HAL_PCD_EP_GetRxCount	0	static
../Drivers/STM32L4xx_HAL_Driver/Src/stm32l4xx_hal_pcd.c:2037:19:HAL_PCD_EP_Transmit	16	static
../Drivers/STM32L4xx_HAL_Driver/Src/stm32l4xx_hal_pcd.c:2065:19:HAL_PCD_EP_SetStall	16	static
../Drivers/STM32L4xx_HAL_Driver/Src/stm32l4xx_hal_pcd.c:2108:19:HAL_PCD_EP_ClrStall	16	static
../Drivers/STM32L4xx_HAL_Driver/Src/stm32l4xx_hal_pcd.c:2144:19:HAL_PCD_EP_Abort	0	static
../Drivers/STM32L4xx_HAL_Driver/Src/stm32l4xx_hal_pcd.c:1066:6:HAL_PCD_IRQHandler	64	static
../Drivers/STM32L4xx_HAL_Driver/Src/stm32l4xx_hal_pcd.c:2170:19:HAL_PCD_EP_Flush	8	static
../Drivers/STM32L4xx_HAL_Driver/Src/stm32l4xx_hal_pcd.c:2193:19:HAL_PCD_ActivateRemoteWakeup	0	static
../Drivers/STM32L4xx_HAL_Driver/Src/stm32l4xx_hal_pcd.c:2203:19:HAL_PCD_DeActivateRemoteWakeup	0	static
../Drivers/STM32L4xx_HAL_Driver/Src/stm32l4xx_hal_pcd.c:2232:18:HAL_PCD_GetState	0	static
